
============================================================
[2025-12-05 14:12:43] 初始化 - bot_sent_comments (共 4 条)
============================================================
   1. 282470672801
   2. 282493967953
   3. 282493991425
   4. 282494065793
============================================================

============================================================
[2025-12-05 14:12:43] 初始化 - bot_sent_comments (共 4 条)
============================================================
   1. 282470672801
   2. 282493967953
   3. 282493991425
   4. 282494065793
============================================================

============================================================
[2025-12-05 14:13:13] 保存 - bot_sent_comments (共 5 条)
============================================================
   1. 282470672801
   2. 282493967953
   3. 282493991425
   4. 282494065793
   5. 282494793345
============================================================

============================================================
[2025-12-05 14:14:14] 保存 - bot_sent_comments (共 6 条)
============================================================
   1. 282470672801
   2. 282493967953
   3. 282493991425
   4. 282494065793
   5. 282494793345
   6. 282494976913
============================================================

============================================================
[2025-12-05 14:18:26] 初始化 - bot_sent_comments (共 6 条)
============================================================
   1. 282470672801
   2. 282493967953
   3. 282493991425
   4. 282494065793
   5. 282494793345
   6. 282494976913
============================================================

============================================================
[2025-12-05 14:18:26] 初始化 - bot_sent_comments (共 6 条)
============================================================
   1. 282470672801
   2. 282493967953
   3. 282493991425
   4. 282494065793
   5. 282494793345
   6. 282494976913
============================================================

============================================================
[2025-12-05 14:18:45] 保存 - bot_sent_comments (共 7 条)
============================================================
   1. 282470672801
   2. 282493967953
   3. 282493991425
   4. 282494065793
   5. 282494793345
   6. 282494976913
   7. 282495096833
============================================================

============================================================
[2025-12-05 14:19:34] 保存 - bot_sent_comments (共 8 条)
============================================================
   1. 282470672801
   2. 282493967953
   3. 282493991425
   4. 282494065793
   5. 282494793345
   6. 282494976913
   7. 282495096833
   8. 282495186081
============================================================

============================================================
[2025-12-05 14:32:28] 初始化 - bot_sent_comments (共 8 条)
============================================================
   1. 282470672801
   2. 282493967953
   3. 282493991425
   4. 282494065793
   5. 282494793345
   6. 282494976913
   7. 282495096833
   8. 282495186081
============================================================

============================================================
[2025-12-05 14:32:28] 初始化 - bot_sent_comments (共 8 条)
============================================================
   1. 282470672801
   2. 282493967953
   3. 282493991425
   4. 282494065793
   5. 282494793345
   6. 282494976913
   7. 282495096833
   8. 282495186081
============================================================

============================================================
[2025-12-05 14:32:56] 保存 - bot_sent_comments (共 9 条)
============================================================
   1. 282470672801
   2. 282493967953
   3. 282493991425
   4. 282494065793
   5. 282494793345
   6. 282494976913
   7. 282495096833
   8. 282495186081
   9. 282496242865
============================================================

============================================================
[2025-12-05 14:36:31] 初始化 - bot_sent_comments (共 9 条)
============================================================
   1. 282470672801
   2. 282493967953
   3. 282493991425
   4. 282494065793
   5. 282494793345
   6. 282494976913
   7. 282495096833
   8. 282495186081
   9. 282496242865
============================================================

============================================================
[2025-12-05 14:36:31] 初始化 - bot_sent_comments (共 9 条)
============================================================
   1. 282470672801
   2. 282493967953
   3. 282493991425
   4. 282494065793
   5. 282494793345
   6. 282494976913
   7. 282495096833
   8. 282495186081
   9. 282496242865
============================================================

============================================================
[2025-12-05 14:37:10] 保存 - bot_sent_comments (共 10 条)
============================================================
   1. 282470672801
   2. 282493967953
   3. 282493991425
   4. 282494065793
   5. 282494793345
   6. 282494976913
   7. 282495096833
   8. 282495186081
   9. 282496242865
  10. 282496466065
============================================================

============================================================
[2025-12-05 14:37:42] 保存 - bot_sent_comments (共 11 条)
============================================================
   1. 282470672801
   2. 282493967953
   3. 282493991425
   4. 282494065793
   5. 282494793345
   6. 282494976913
   7. 282495096833
   8. 282495186081
   9. 282496242865
  10. 282496466065
  11. 282496560033
============================================================

============================================================
[2025-12-05 14:45:13] 初始化 - bot_sent_comments (共 11 条)
============================================================
   1. 282470672801
   2. 282493967953
   3. 282493991425
   4. 282494065793
   5. 282494793345
   6. 282494976913
   7. 282495096833
   8. 282495186081
   9. 282496242865
  10. 282496466065
  11. 282496560033
============================================================

============================================================
[2025-12-05 14:45:13] 初始化 - bot_sent_comments (共 11 条)
============================================================
   1. 282470672801
   2. 282493967953
   3. 282493991425
   4. 282494065793
   5. 282494793345
   6. 282494976913
   7. 282495096833
   8. 282495186081
   9. 282496242865
  10. 282496466065
  11. 282496560033
============================================================

============================================================
[2025-12-05 14:45:34] 保存 - bot_sent_comments (共 12 条)
============================================================
   1. 282470672801
   2. 282493967953
   3. 282493991425
   4. 282494065793
   5. 282494793345
   6. 282494976913
   7. 282495096833
   8. 282495186081
   9. 282496242865
  10. 282496466065
  11. 282496560033
  12. 282497009617
============================================================

============================================================
[2025-12-05 14:46:26] 保存 - bot_sent_comments (共 13 条)
============================================================
   1. 282470672801
   2. 282493967953
   3. 282493991425
   4. 282494065793
   5. 282494793345
   6. 282494976913
   7. 282495096833
   8. 282495186081
   9. 282496242865
  10. 282496466065
  11. 282496560033
  12. 282497009617
  13. 282497166497
============================================================

============================================================
[2025-12-05 14:55:16] 初始化 - bot_sent_comments (共 13 条)
============================================================
   1. 282470672801
   2. 282493967953
   3. 282493991425
   4. 282494065793
   5. 282494793345
   6. 282494976913
   7. 282495096833
   8. 282495186081
   9. 282496242865
  10. 282496466065
  11. 282496560033
  12. 282497009617
  13. 282497166497
============================================================

============================================================
[2025-12-05 14:55:16] 初始化 - bot_sent_comments (共 13 条)
============================================================
   1. 282470672801
   2. 282493967953
   3. 282493991425
   4. 282494065793
   5. 282494793345
   6. 282494976913
   7. 282495096833
   8. 282495186081
   9. 282496242865
  10. 282496466065
  11. 282496560033
  12. 282497009617
  13. 282497166497
============================================================

============================================================
[2025-12-05 14:55:45] 保存 - bot_sent_comments (共 14 条)
============================================================
   1. 282470672801
   2. 282493967953
   3. 282493991425
   4. 282494065793
   5. 282494793345
   6. 282494976913
   7. 282495096833
   8. 282495186081
   9. 282496242865
  10. 282496466065
  11. 282496560033
  12. 282497009617
  13. 282497166497
  14. 282497714577
============================================================

============================================================
[2025-12-05 14:56:35] 保存 - bot_sent_comments (共 15 条)
============================================================
   1. 282470672801
   2. 282493967953
   3. 282493991425
   4. 282494065793
   5. 282494793345
   6. 282494976913
   7. 282495096833
   8. 282495186081
   9. 282496242865
  10. 282496466065
  11. 282496560033
  12. 282497009617
  13. 282497166497
  14. 282497714577
  15. 282497876353
============================================================

============================================================
[2025-12-05 15:04:31] 初始化 - bot_sent_comments (共 15 条)
============================================================
   1. 282470672801
   2. 282493967953
   3. 282493991425
   4. 282494065793
   5. 282494793345
   6. 282494976913
   7. 282495096833
   8. 282495186081
   9. 282496242865
  10. 282496466065
  11. 282496560033
  12. 282497009617
  13. 282497166497
  14. 282497714577
  15. 282497876353
============================================================

============================================================
[2025-12-05 15:05:10] 保存 - bot_sent_comments (共 16 条)
============================================================
   1. 282470672801
   2. 282493967953
   3. 282493991425
   4. 282494065793
   5. 282494793345
   6. 282494976913
   7. 282495096833
   8. 282495186081
   9. 282496242865
  10. 282496466065
  11. 282496560033
  12. 282497009617
  13. 282497166497
  14. 282497714577
  15. 282497876353
  16. 282498494193
============================================================

============================================================
[2025-12-05 15:05:41] 保存 - bot_sent_comments (共 17 条)
============================================================
   1. 282470672801
   2. 282493967953
   3. 282493991425
   4. 282494065793
   5. 282494793345
   6. 282494976913
   7. 282495096833
   8. 282495186081
   9. 282496242865
  10. 282496466065
  11. 282496560033
  12. 282497009617
  13. 282497166497
  14. 282497714577
  15. 282497876353
  16. 282498494193
  17. 282498506081
============================================================

============================================================
[2025-12-05 15:10:31] 初始化 - bot_sent_comments (共 17 条)
============================================================
   1. 282470672801
   2. 282493967953
   3. 282493991425
   4. 282494065793
   5. 282494793345
   6. 282494976913
   7. 282495096833
   8. 282495186081
   9. 282496242865
  10. 282496466065
  11. 282496560033
  12. 282497009617
  13. 282497166497
  14. 282497714577
  15. 282497876353
  16. 282498494193
  17. 282498506081
============================================================

============================================================
[2025-12-05 15:11:54] 保存 - bot_sent_comments (共 18 条)
============================================================
   1. 282470672801
   2. 282493967953
   3. 282493991425
   4. 282494065793
   5. 282494793345
   6. 282494976913
   7. 282495096833
   8. 282495186081
   9. 282496242865
  10. 282496466065
  11. 282496560033
  12. 282497009617
  13. 282497166497
  14. 282497714577
  15. 282497876353
  16. 282498494193
  17. 282498506081
  18. 282498900017
============================================================

============================================================
[2025-12-05 15:12:50] 保存 - bot_sent_comments (共 19 条)
============================================================
   1. 282470672801
   2. 282493967953
   3. 282493991425
   4. 282494065793
   5. 282494793345
   6. 282494976913
   7. 282495096833
   8. 282495186081
   9. 282496242865
  10. 282496466065
  11. 282496560033
  12. 282497009617
  13. 282497166497
  14. 282497714577
  15. 282497876353
  16. 282498494193
  17. 282498506081
  18. 282498900017
  19. 282498921537
============================================================

============================================================
[2025-12-05 15:13:56] 保存 - bot_sent_comments (共 20 条)
============================================================
   1. 282470672801
   2. 282493967953
   3. 282493991425
   4. 282494065793
   5. 282494793345
   6. 282494976913
   7. 282495096833
   8. 282495186081
   9. 282496242865
  10. 282496466065
  11. 282496560033
  12. 282497009617
  13. 282497166497
  14. 282497714577
  15. 282497876353
  16. 282498494193
  17. 282498506081
  18. 282498900017
  19. 282498921537
  20. 282499025201
============================================================

============================================================
[2025-12-05 15:29:49] 初始化 - bot_sent_comments (共 20 条)
============================================================
   1. 282470672801
   2. 282493967953
   3. 282493991425
   4. 282494065793
   5. 282494793345
   6. 282494976913
   7. 282495096833
   8. 282495186081
   9. 282496242865
  10. 282496466065
  11. 282496560033
  12. 282497009617
  13. 282497166497
  14. 282497714577
  15. 282497876353
  16. 282498494193
  17. 282498506081
  18. 282498900017
  19. 282498921537
  20. 282499025201
============================================================

============================================================
[2025-12-05 15:30:16] 保存 - bot_sent_comments (共 21 条)
============================================================
   1. 282470672801
   2. 282493967953
   3. 282493991425
   4. 282494065793
   5. 282494793345
   6. 282494976913
   7. 282495096833
   8. 282495186081
   9. 282496242865
  10. 282496466065
  11. 282496560033
  12. 282497009617
  13. 282497166497
  14. 282497714577
  15. 282497876353
  16. 282498494193
  17. 282498506081
  18. 282498900017
  19. 282498921537
  20. 282499025201
  21. 282500260625
============================================================

============================================================
[2025-12-05 15:31:29] 保存 - bot_sent_comments (共 22 条)
============================================================
   1. 282470672801
   2. 282493967953
   3. 282493991425
   4. 282494065793
   5. 282494793345
   6. 282494976913
   7. 282495096833
   8. 282495186081
   9. 282496242865
  10. 282496466065
  11. 282496560033
  12. 282497009617
  13. 282497166497
  14. 282497714577
  15. 282497876353
  16. 282498494193
  17. 282498506081
  18. 282498900017
  19. 282498921537
  20. 282499025201
  21. 282500217137
  22. 282500260625
============================================================

============================================================
[2025-12-05 15:35:13] 初始化 - bot_sent_comments (共 22 条)
============================================================
   1. 282470672801
   2. 282493967953
   3. 282493991425
   4. 282494065793
   5. 282494793345
   6. 282494976913
   7. 282495096833
   8. 282495186081
   9. 282496242865
  10. 282496466065
  11. 282496560033
  12. 282497009617
  13. 282497166497
  14. 282497714577
  15. 282497876353
  16. 282498494193
  17. 282498506081
  18. 282498900017
  19. 282498921537
  20. 282499025201
  21. 282500217137
  22. 282500260625
============================================================

============================================================
[2025-12-05 15:35:32] 保存 - bot_sent_comments (共 23 条)
============================================================
   1. 282470672801
   2. 282493967953
   3. 282493991425
   4. 282494065793
   5. 282494793345
   6. 282494976913
   7. 282495096833
   8. 282495186081
   9. 282496242865
  10. 282496466065
  11. 282496560033
  12. 282497009617
  13. 282497166497
  14. 282497714577
  15. 282497876353
  16. 282498494193
  17. 282498506081
  18. 282498900017
  19. 282498921537
  20. 282499025201
  21. 282500217137
  22. 282500260625
  23. 282500550177
============================================================

============================================================
[2025-12-05 15:37:38] 初始化 - bot_sent_comments (共 23 条)
============================================================
   1. 282470672801
   2. 282493967953
   3. 282493991425
   4. 282494065793
   5. 282494793345
   6. 282494976913
   7. 282495096833
   8. 282495186081
   9. 282496242865
  10. 282496466065
  11. 282496560033
  12. 282497009617
  13. 282497166497
  14. 282497714577
  15. 282497876353
  16. 282498494193
  17. 282498506081
  18. 282498900017
  19. 282498921537
  20. 282499025201
  21. 282500217137
  22. 282500260625
  23. 282500550177
============================================================

============================================================
[2025-12-05 15:38:01] 保存 - bot_sent_comments (共 24 条)
============================================================
   1. 282470672801
   2. 282493967953
   3. 282493991425
   4. 282494065793
   5. 282494793345
   6. 282494976913
   7. 282495096833
   8. 282495186081
   9. 282496242865
  10. 282496466065
  11. 282496560033
  12. 282497009617
  13. 282497166497
  14. 282497714577
  15. 282497876353
  16. 282498494193
  17. 282498506081
  18. 282498900017
  19. 282498921537
  20. 282499025201
  21. 282500217137
  22. 282500260625
  23. 282500550177
  24. 282500766161
============================================================

============================================================
[2025-12-05 15:39:22] 保存 - bot_sent_comments (共 25 条)
============================================================
   1. 282470672801
   2. 282493967953
   3. 282493991425
   4. 282494065793
   5. 282494793345
   6. 282494976913
   7. 282495096833
   8. 282495186081
   9. 282496242865
  10. 282496466065
  11. 282496560033
  12. 282497009617
  13. 282497166497
  14. 282497714577
  15. 282497876353
  16. 282498494193
  17. 282498506081
  18. 282498900017
  19. 282498921537
  20. 282499025201
  21. 282500217137
  22. 282500260625
  23. 282500550177
  24. 282500717745
  25. 282500766161
============================================================

============================================================
[2025-12-05 17:12:35] 保存 - bot_sent_comments (共 26 条)
============================================================
   1. 282470672801
   2. 282493967953
   3. 282493991425
   4. 282494065793
   5. 282494793345
   6. 282494976913
   7. 282495096833
   8. 282495186081
   9. 282496242865
  10. 282496466065
  11. 282496560033
  12. 282497009617
  13. 282497166497
  14. 282497714577
  15. 282497876353
  16. 282498494193
  17. 282498506081
  18. 282498900017
  19. 282498921537
  20. 282499025201
  21. 282500217137
  22. 282500260625
  23. 282500550177
  24. 282500717745
  25. 282500766161
  26. 282508061713
============================================================

============================================================
[2025-12-05 17:49:06] 保存 - bot_sent_comments (共 27 条)
============================================================
   1. 282470672801
   2. 282493967953
   3. 282493991425
   4. 282494065793
   5. 282494793345
   6. 282494976913
   7. 282495096833
   8. 282495186081
   9. 282496242865
  10. 282496466065
  11. 282496560033
  12. 282497009617
  13. 282497166497
  14. 282497714577
  15. 282497876353
  16. 282498494193
  17. 282498506081
  18. 282498900017
  19. 282498921537
  20. 282499025201
  21. 282500217137
  22. 282500260625
  23. 282500550177
  24. 282500717745
  25. 282500766161
  26. 282508061713
  27. 282511528145
============================================================

============================================================
[2025-12-05 18:11:28] 初始化 - bot_sent_comments (共 27 条)
============================================================
   1. 282470672801
   2. 282493967953
   3. 282493991425
   4. 282494065793
   5. 282494793345
   6. 282494976913
   7. 282495096833
   8. 282495186081
   9. 282496242865
  10. 282496466065
  11. 282496560033
  12. 282497009617
  13. 282497166497
  14. 282497714577
  15. 282497876353
  16. 282498494193
  17. 282498506081
  18. 282498900017
  19. 282498921537
  20. 282499025201
  21. 282500217137
  22. 282500260625
  23. 282500550177
  24. 282500717745
  25. 282500766161
  26. 282508061713
  27. 282511528145
============================================================

============================================================
[2025-12-05 18:14:04] 初始化 - bot_sent_comments (共 27 条)
============================================================
   1. 282470672801
   2. 282493967953
   3. 282493991425
   4. 282494065793
   5. 282494793345
   6. 282494976913
   7. 282495096833
   8. 282495186081
   9. 282496242865
  10. 282496466065
  11. 282496560033
  12. 282497009617
  13. 282497166497
  14. 282497714577
  15. 282497876353
  16. 282498494193
  17. 282498506081
  18. 282498900017
  19. 282498921537
  20. 282499025201
  21. 282500217137
  22. 282500260625
  23. 282500550177
  24. 282500717745
  25. 282500766161
  26. 282508061713
  27. 282511528145
============================================================

============================================================
[2025-12-05 18:14:41] 保存 - bot_sent_comments (共 28 条)
============================================================
   1. 282470672801
   2. 282493967953
   3. 282493991425
   4. 282494065793
   5. 282494793345
   6. 282494976913
   7. 282495096833
   8. 282495186081
   9. 282496242865
  10. 282496466065
  11. 282496560033
  12. 282497009617
  13. 282497166497
  14. 282497714577
  15. 282497876353
  16. 282498494193
  17. 282498506081
  18. 282498900017
  19. 282498921537
  20. 282499025201
  21. 282500217137
  22. 282500260625
  23. 282500550177
  24. 282500717745
  25. 282500766161
  26. 282508061713
  27. 282511528145
  28. 282514119649
============================================================

============================================================
[2025-12-05 18:17:06] 初始化 - bot_sent_comments (共 28 条)
============================================================
   1. 282470672801
   2. 282493967953
   3. 282493991425
   4. 282494065793
   5. 282494793345
   6. 282494976913
   7. 282495096833
   8. 282495186081
   9. 282496242865
  10. 282496466065
  11. 282496560033
  12. 282497009617
  13. 282497166497
  14. 282497714577
  15. 282497876353
  16. 282498494193
  17. 282498506081
  18. 282498900017
  19. 282498921537
  20. 282499025201
  21. 282500217137
  22. 282500260625
  23. 282500550177
  24. 282500717745
  25. 282500766161
  26. 282508061713
  27. 282511528145
  28. 282514119649
============================================================

============================================================
[2025-12-05 18:22:45] 初始化 - bot_sent_comments (共 28 条)
============================================================
   1. 282470672801
   2. 282493967953
   3. 282493991425
   4. 282494065793
   5. 282494793345
   6. 282494976913
   7. 282495096833
   8. 282495186081
   9. 282496242865
  10. 282496466065
  11. 282496560033
  12. 282497009617
  13. 282497166497
  14. 282497714577
  15. 282497876353
  16. 282498494193
  17. 282498506081
  18. 282498900017
  19. 282498921537
  20. 282499025201
  21. 282500217137
  22. 282500260625
  23. 282500550177
  24. 282500717745
  25. 282500766161
  26. 282508061713
  27. 282511528145
  28. 282514119649
============================================================

============================================================
[2025-12-05 18:27:01] 初始化 - bot_sent_comments (共 28 条)
============================================================
   1. 282470672801
   2. 282493967953
   3. 282493991425
   4. 282494065793
   5. 282494793345
   6. 282494976913
   7. 282495096833
   8. 282495186081
   9. 282496242865
  10. 282496466065
  11. 282496560033
  12. 282497009617
  13. 282497166497
  14. 282497714577
  15. 282497876353
  16. 282498494193
  17. 282498506081
  18. 282498900017
  19. 282498921537
  20. 282499025201
  21. 282500217137
  22. 282500260625
  23. 282500550177
  24. 282500717745
  25. 282500766161
  26. 282508061713
  27. 282511528145
  28. 282514119649
============================================================

============================================================
[2025-12-05 18:33:53] 初始化 - bot_sent_comments (共 28 条)
============================================================
   1. 282470672801
   2. 282493967953
   3. 282493991425
   4. 282494065793
   5. 282494793345
   6. 282494976913
   7. 282495096833
   8. 282495186081
   9. 282496242865
  10. 282496466065
  11. 282496560033
  12. 282497009617
  13. 282497166497
  14. 282497714577
  15. 282497876353
  16. 282498494193
  17. 282498506081
  18. 282498900017
  19. 282498921537
  20. 282499025201
  21. 282500217137
  22. 282500260625
  23. 282500550177
  24. 282500717745
  25. 282500766161
  26. 282508061713
  27. 282511528145
  28. 282514119649
============================================================

============================================================
[2025-12-05 18:44:11] 初始化 - bot_sent_comments (共 28 条)
============================================================
   1. 282470672801
   2. 282493967953
   3. 282493991425
   4. 282494065793
   5. 282494793345
   6. 282494976913
   7. 282495096833
   8. 282495186081
   9. 282496242865
  10. 282496466065
  11. 282496560033
  12. 282497009617
  13. 282497166497
  14. 282497714577
  15. 282497876353
  16. 282498494193
  17. 282498506081
  18. 282498900017
  19. 282498921537
  20. 282499025201
  21. 282500217137
  22. 282500260625
  23. 282500550177
  24. 282500717745
  25. 282500766161
  26. 282508061713
  27. 282511528145
  28. 282514119649
============================================================

============================================================
[2025-12-05 18:44:37] 保存 - bot_sent_comments (共 29 条)
============================================================
   1. 282470672801
   2. 282493967953
   3. 282493991425
   4. 282494065793
   5. 282494793345
   6. 282494976913
   7. 282495096833
   8. 282495186081
   9. 282496242865
  10. 282496466065
  11. 282496560033
  12. 282497009617
  13. 282497166497
  14. 282497714577
  15. 282497876353
  16. 282498494193
  17. 282498506081
  18. 282498900017
  19. 282498921537
  20. 282499025201
  21. 282500217137
  22. 282500260625
  23. 282500550177
  24. 282500717745
  25. 282500766161
  26. 282508061713
  27. 282511528145
  28. 282514119649
  29. 282517286417
============================================================

============================================================
[2025-12-05 18:46:39] 初始化 - bot_sent_comments (共 29 条)
============================================================
   1. 282470672801
   2. 282493967953
   3. 282493991425
   4. 282494065793
   5. 282494793345
   6. 282494976913
   7. 282495096833
   8. 282495186081
   9. 282496242865
  10. 282496466065
  11. 282496560033
  12. 282497009617
  13. 282497166497
  14. 282497714577
  15. 282497876353
  16. 282498494193
  17. 282498506081
  18. 282498900017
  19. 282498921537
  20. 282499025201
  21. 282500217137
  22. 282500260625
  23. 282500550177
  24. 282500717745
  25. 282500766161
  26. 282508061713
  27. 282511528145
  28. 282514119649
  29. 282517286417
============================================================

============================================================
[2025-12-05 18:47:07] 保存 - bot_sent_comments (共 30 条)
============================================================
   1. 282470672801
   2. 282493967953
   3. 282493991425
   4. 282494065793
   5. 282494793345
   6. 282494976913
   7. 282495096833
   8. 282495186081
   9. 282496242865
  10. 282496466065
  11. 282496560033
  12. 282497009617
  13. 282497166497
  14. 282497714577
  15. 282497876353
  16. 282498494193
  17. 282498506081
  18. 282498900017
  19. 282498921537
  20. 282499025201
  21. 282500217137
  22. 282500260625
  23. 282500550177
  24. 282500717745
  25. 282500766161
  26. 282508061713
  27. 282511528145
  28. 282514119649
  29. 282517286417
  30. 282517404929
============================================================

============================================================
[2025-12-05 18:49:02] 初始化 - bot_sent_comments (共 30 条)
============================================================
   1. 282470672801
   2. 282493967953
   3. 282493991425
   4. 282494065793
   5. 282494793345
   6. 282494976913
   7. 282495096833
   8. 282495186081
   9. 282496242865
  10. 282496466065
  11. 282496560033
  12. 282497009617
  13. 282497166497
  14. 282497714577
  15. 282497876353
  16. 282498494193
  17. 282498506081
  18. 282498900017
  19. 282498921537
  20. 282499025201
  21. 282500217137
  22. 282500260625
  23. 282500550177
  24. 282500717745
  25. 282500766161
  26. 282508061713
  27. 282511528145
  28. 282514119649
  29. 282517286417
  30. 282517404929
============================================================

============================================================
[2025-12-05 18:49:31] 保存 - bot_sent_comments (共 31 条)
============================================================
   1. 282470672801
   2. 282493967953
   3. 282493991425
   4. 282494065793
   5. 282494793345
   6. 282494976913
   7. 282495096833
   8. 282495186081
   9. 282496242865
  10. 282496466065
  11. 282496560033
  12. 282497009617
  13. 282497166497
  14. 282497714577
  15. 282497876353
  16. 282498494193
  17. 282498506081
  18. 282498900017
  19. 282498921537
  20. 282499025201
  21. 282500217137
  22. 282500260625
  23. 282500550177
  24. 282500717745
  25. 282500766161
  26. 282508061713
  27. 282511528145
  28. 282514119649
  29. 282517286417
  30. 282517404929
  31. 282517700721
============================================================

============================================================
[2025-12-05 18:54:11] 初始化 - bot_sent_comments (共 31 条)
============================================================
   1. 282470672801
   2. 282493967953
   3. 282493991425
   4. 282494065793
   5. 282494793345
   6. 282494976913
   7. 282495096833
   8. 282495186081
   9. 282496242865
  10. 282496466065
  11. 282496560033
  12. 282497009617
  13. 282497166497
  14. 282497714577
  15. 282497876353
  16. 282498494193
  17. 282498506081
  18. 282498900017
  19. 282498921537
  20. 282499025201
  21. 282500217137
  22. 282500260625
  23. 282500550177
  24. 282500717745
  25. 282500766161
  26. 282508061713
  27. 282511528145
  28. 282514119649
  29. 282517286417
  30. 282517404929
  31. 282517700721
============================================================

============================================================
[2025-12-05 18:54:38] 保存 - bot_sent_comments (共 32 条)
============================================================
   1. 282470672801
   2. 282493967953
   3. 282493991425
   4. 282494065793
   5. 282494793345
   6. 282494976913
   7. 282495096833
   8. 282495186081
   9. 282496242865
  10. 282496466065
  11. 282496560033
  12. 282497009617
  13. 282497166497
  14. 282497714577
  15. 282497876353
  16. 282498494193
  17. 282498506081
  18. 282498900017
  19. 282498921537
  20. 282499025201
  21. 282500217137
  22. 282500260625
  23. 282500550177
  24. 282500717745
  25. 282500766161
  26. 282508061713
  27. 282511528145
  28. 282514119649
  29. 282517286417
  30. 282517404929
  31. 282517700721
  32. 282518149601
============================================================

============================================================
[2025-12-05 18:57:55] 初始化 - bot_sent_comments (共 32 条)
============================================================
   1. 282470672801
   2. 282493967953
   3. 282493991425
   4. 282494065793
   5. 282494793345
   6. 282494976913
   7. 282495096833
   8. 282495186081
   9. 282496242865
  10. 282496466065
  11. 282496560033
  12. 282497009617
  13. 282497166497
  14. 282497714577
  15. 282497876353
  16. 282498494193
  17. 282498506081
  18. 282498900017
  19. 282498921537
  20. 282499025201
  21. 282500217137
  22. 282500260625
  23. 282500550177
  24. 282500717745
  25. 282500766161
  26. 282508061713
  27. 282511528145
  28. 282514119649
  29. 282517286417
  30. 282517404929
  31. 282517700721
  32. 282518149601
============================================================

============================================================
[2025-12-05 18:58:22] 保存 - bot_sent_comments (共 33 条)
============================================================
   1. 282470672801
   2. 282493967953
   3. 282493991425
   4. 282494065793
   5. 282494793345
   6. 282494976913
   7. 282495096833
   8. 282495186081
   9. 282496242865
  10. 282496466065
  11. 282496560033
  12. 282497009617
  13. 282497166497
  14. 282497714577
  15. 282497876353
  16. 282498494193
  17. 282498506081
  18. 282498900017
  19. 282498921537
  20. 282499025201
  21. 282500217137
  22. 282500260625
  23. 282500550177
  24. 282500717745
  25. 282500766161
  26. 282508061713
  27. 282511528145
  28. 282514119649
  29. 282517286417
  30. 282517404929
  31. 282517700721
  32. 282518149601
  33. 282518605041
============================================================
